TITLE
TITLE
TITLE
TITLE
TITLE
TITLE
TITLE
TITLE
TITLE
TITLE
TITLE
TITLE
TITLE
TITLE
TITLE
TITLE
TITLE
TITLE
TITLE
TITLE
TITLE
TITLE
TITLE
TITLE
TITLE
TITLE
TITLE
TITLE
TITLE
TITLE
TITLE

TITLE
TITLE
TITLE
TITLE
TITLE
TITLE
TITLE
TITLE
TITLE
TITLE
TITLE
TITLE
TITLE
TITLE
TITLE
TITLE
TITLE
TITLE
TITLE
TITLE
TITLE

