AUTHOR
AUTHOR
TITLE
BOOKTITLE
VOLUME
DATE
TITLE
TITLE
TITLE
TITLE
TITLE
AUTHOR
TITLE
BOOKTITLE
VOLUME
DATE
BOOKTITLE
BOOKTITLE
BOOKTITLE
BOOKTITLE
BOOKTITLE
AUTHOR
TITLE
BOOKTITLE
BOOKTITLE
VOLUME
VOLUME
VOLUME
DATE
DATE
DATE

AUTHOR
TITLE
BOOKTITLE
VOLUME
DATE
TITLE
TITLE
TITLE
TITLE
TITLE
TITLE
AUTHOR
TITLE
BOOKTITLE
VOLUME
DATE
AUTHOR
TITLE
BOOKTITLE
VOLUME
DATE

