BOOKTITLE
BOOKTITLE
BOOKTITLE
BOOKTITLE
BOOKTITLE
BOOKTITLE
BOOKTITLE
BOOKTITLE
BOOKTITLE
BOOKTITLE
BOOKTITLE
BOOKTITLE
BOOKTITLE
BOOKTITLE
BOOKTITLE
BOOKTITLE
BOOKTITLE
BOOKTITLE
BOOKTITLE
BOOKTITLE
BOOKTITLE
BOOKTITLE
BOOKTITLE
BOOKTITLE
BOOKTITLE
VOLUME
VOLUME
VOLUME
DATE
DATE
DATE

AUTHOR
AUTHOR
AUTHOR
TITLE
TITLE
TITLE
TITLE
TITLE
TITLE
TITLE
TITLE
TITLE
TITLE
TITLE
TITLE
TITLE
TITLE
TITLE
TITLE
TITLE
TITLE

